<area shape="rect" href="$classblock__w__bids.html" title="Contains BID references for stxxl::typed_block , not intended for direct use." alt="" coords="499,103,669,129">
<area shape="rect" href="$classelement__block.html" title="element_block\&lt; T_, Size_ \&gt;" alt="" coords="492,20,676,47">
<area shape="rect" href="$classelement__block.html" title="element_block\&lt; block_type::value_type, Size_ \&gt;" alt="" coords="432,173,736,200">
<area shape="rect" href="$classblock__w__bids.html" title="block_w_bids\&lt; T_,((RawSize_&#45;sizeof(BID\&lt; RawSize_ \&gt;)*NBids_)/sizeof(T_)), RawSize_, NBids_ \&gt;" alt="" coords="1741,5,2333,32">
<area shape="rect" href="$classblock__w__bids.html" title="block_w_bids\&lt; block_type::value_type,((RawSize_&#45;sizeof(BID\&lt; RawSize_ \&gt;)*NBids_&#45;sizeof(void))/sizeof(block_type::value_type)), RawSize_, NBids_ \&gt;" alt="" coords="1587,172,2488,199">
<area shape="rect" href="$classblock__w__bids.html" title="block_w_bids\&lt; T_,((RawSize_&#45;sizeof(BID\&lt; RawSize_ \&gt;)*NBids_&#45;sizeof(InfoType_))/sizeof(T_)), RawSize_, NBids_ \&gt;" alt="" coords="1689,76,2385,103">
<area shape="rect" href="$classblock__w__info.html" title="block_w_info\&lt; block_type::value_type, RawSize_, 0, void \&gt;" alt="" coords="3176,131,3544,157">
<area shape="rect" href="$classtyped__block.html" title="typed_block\&lt; sizeof(block_type::value_type), block_type::value_type \&gt;" alt="" coords="4291,108,4725,135">
<area shape="rect" href="$classblock__w__info.html" title="Contains per block information for stxxl::typed_block , not intended for direct use..." alt="" coords="2540,96,2855,123">
<area shape="rect" href="$classblock__w__info.html" title="block_w_info\&lt; T_, RawSize_, NRef_, InfoType_ \&gt;" alt="" coords="3205,80,3515,107">
<area shape="rect" href="$classtyped__block.html" title="Block containing elements of fixed length." alt="" coords="3595,80,3899,107">
