<area shape="rect" href="$classblock__w__bids.html" title="block_w_bids\&lt; T_,((RawSize_&#45;sizeof(BID\&lt; RawSize_ \&gt;)*NBids_)/sizeof(T_)), RawSize_, NBids_ \&gt;" alt="" coords="1425,63,2017,89">
<area shape="rect" href="$classblock__w__bids.html" title="block_w_bids\&lt; unsigned,((RawSize_&#45;sizeof(BID\&lt; RawSize_ \&gt;)*NBids_&#45;sizeof(void))/sizeof(unsigned)), RawSize_, NBids_ \&gt;" alt="" coords="2176,29,2912,56">
<area shape="rect" href="$classblock__w__bids.html" title="block_w_bids\&lt; block_type::value_type,((RawSize_&#45;sizeof(BID\&lt; RawSize_ \&gt;)*NBids_&#45;sizeof(void))/sizeof(block_type::value_type)), RawSize_, NBids_ \&gt;" alt="" coords="2093,276,2995,303">
<area shape="rect" href="$classblock__w__bids.html" title="block_w_bids\&lt; my_type,((RawSize_&#45;sizeof(BID\&lt; RawSize_ \&gt;)*NBids_&#45;sizeof(void))/sizeof(my_type)), RawSize_, NBids_ \&gt;" alt="" coords="3019,341,3752,368">
<area shape="rect" href="$classblock__w__bids.html" title="block_w_bids\&lt; T_,((RawSize_&#45;sizeof(BID\&lt; RawSize_ \&gt;)*NBids_&#45;sizeof(InfoType_))/sizeof(T_)), RawSize_, NBids_ \&gt;" alt="" coords="1373,164,2069,191">
<area shape="rect" href="$classelement__block.html" title="Contains data elements for stxxl::typed_block , not intended for direct use." alt="" coords="7,164,183,191">
<area shape="rect" href="$classblock__w__info.html" title="block_w_info\&lt; unsigned, RawSize_, 0, void \&gt;" alt="" coords="4113,49,4399,76">
<area shape="rect" href="$classtyped__block.html" title="typed_block\&lt; sizeof(unsigned), unsigned \&gt;" alt="" coords="5269,73,5539,100">
<area shape="rect" href="$classblock__w__info.html" title="block_w_info\&lt; block_type::value_type, RawSize_, 0, void \&gt;" alt="" coords="4072,223,4440,249">
<area shape="rect" href="$classtyped__block.html" title="typed_block\&lt; sizeof(block_type::value_type), block_type::value_type \&gt;" alt="" coords="5187,145,5621,172">
<area shape="rect" href="$classblock__w__info.html" title="block_w_info\&lt; my_type, RawSize_, 0, void \&gt;" alt="" coords="4115,273,4397,300">
<area shape="rect" href="$classtyped__block.html" title="typed_block\&lt; 4096, my_type \&gt;" alt="" coords="5304,239,5504,265">
<area shape="rect" href="$classblock__w__info.html" title="Contains per block information for stxxl::typed_block , not intended for direct use..." alt="" coords="3228,164,3543,191">
<area shape="rect" href="$classblock__w__info.html" title="block_w_info\&lt; T_, RawSize_, NRef_, InfoType_ \&gt;" alt="" coords="4101,132,4411,159">
<area shape="rect" href="$classtyped__block.html" title="Block containing elements of fixed length." alt="" coords="4491,132,4795,159">
